** Drc report for FIC-100A.kicad_pcb **
** Created on 2026-05-26T01:48:57+0000 **

** Found 28 DRC violations **
[clearance]: Clearance violation (board minimum clearance 0.2000 mm; actual 0.1917 mm)
    ; error
    @(158.0 mm, 78.5 mm): Rectangle [<no net>] of ID1 on L2 (Sig, GND)
    @(158.75 mm, 79.5 mm): Footprint text of ID1 (2)
[lib_footprint_mismatch]: Footprint 'LED_0805_2012Metric' does not match copy in library 'LED_SMD'.
    ; warning
    @(160.5 mm, 99.5 mm): Footprint D3
[lib_footprint_mismatch]: Footprint 'R_0603_1608Metric' does not match copy in library 'Resistor_SMD'.
    ; warning
    @(136.5 mm, 97.5 mm): Footprint R12
[lib_footprint_mismatch]: Footprint 'R_0603_1608Metric' does not match copy in library 'Resistor_SMD'.
    ; warning
    @(147.55 mm, 91.6825 mm): Footprint R9
[lib_footprint_mismatch]: Footprint 'R_0603_1608Metric' does not match copy in library 'Resistor_SMD'.
    ; warning
    @(158.075 mm, 93.5 mm): Footprint R3
[lib_footprint_mismatch]: Footprint 'R_0603_1608Metric' does not match copy in library 'Resistor_SMD'.
    ; warning
    @(160.5 mm, 97.5 mm): Footprint R10
[lib_footprint_mismatch]: Footprint 'C_0603_1608Metric' does not match copy in library 'Capacitor_SMD'.
    ; warning
    @(146.0 mm, 88.775 mm): Footprint C1
[lib_footprint_mismatch]: Footprint 'LED_0805_2012Metric' does not match copy in library 'LED_SMD'.
    ; warning
    @(136.5 mm, 99.5 mm): Footprint D5
[lib_footprint_mismatch]: Footprint 'R_0603_1608Metric' does not match copy in library 'Resistor_SMD'.
    ; warning
    @(149.455 mm, 91.6825 mm): Footprint R8
[lib_footprint_mismatch]: Footprint 'L_0603_1608Metric' does not match copy in library 'Inductor_SMD'.
    ; warning
    @(141.5 mm, 85.25 mm): Footprint FB1
[lib_footprint_mismatch]: Footprint 'R_0603_1608Metric' does not match copy in library 'Resistor_SMD'.
    ; warning
    @(163.325 mm, 90.75 mm): Footprint R2
[lib_footprint_mismatch]: Footprint 'CP_EIA-3216-18_Kemet-A' does not match copy in library 'Capacitor_Tantalum_SMD'.
    ; warning
    @(141.352502 mm, 87.5 mm): Footprint C6
[lib_footprint_mismatch]: Footprint 'C_0603_1608Metric' does not match copy in library 'Capacitor_SMD'.
    ; warning
    @(140.525 mm, 91.000001 mm): Footprint C4
[lib_footprint_mismatch]: Footprint 'C_0603_1608Metric' does not match copy in library 'Capacitor_SMD'.
    ; warning
    @(139.75 mm, 95.275 mm): Footprint C3
[lib_footprint_mismatch]: Footprint 'R_0603_1608Metric' does not match copy in library 'Resistor_SMD'.
    ; warning
    @(163.325 mm, 89.25 mm): Footprint R5
[lib_footprint_mismatch]: Footprint 'SOIC-8_3.9x4.9mm_P1.27mm' does not match copy in library 'Package_SO'.
    ; warning
    @(158.0 mm, 90.0 mm): Footprint U1
[lib_footprint_mismatch]: Footprint 'R_0603_1608Metric' does not match copy in library 'Resistor_SMD'.
    ; warning
    @(142.925 mm, 99.5 mm): Footprint R4
[lib_footprint_mismatch]: Footprint 'C_0603_1608Metric' does not match copy in library 'Capacitor_SMD'.
    ; warning
    @(140.525001 mm, 89.5 mm): Footprint C5
[lib_footprint_mismatch]: Footprint 'R_0603_1608Metric' does not match copy in library 'Resistor_SMD'.
    ; warning
    @(156.5 mm, 97.5 mm): Footprint R11
[lib_footprint_mismatch]: Footprint 'R_0603_1608Metric' does not match copy in library 'Resistor_SMD'.
    ; warning
    @(163.325 mm, 92.25 mm): Footprint R1
[lib_footprint_mismatch]: Footprint 'R_0603_1608Metric' does not match copy in library 'Resistor_SMD'.
    ; warning
    @(145.5 mm, 85.5 mm): Footprint R7
[lib_footprint_mismatch]: Footprint 'R_0603_1608Metric' does not match copy in library 'Resistor_SMD'.
    ; warning
    @(151.5 mm, 85.5 mm): Footprint R6
[lib_footprint_mismatch]: Footprint 'SOT-23-6' does not match copy in library 'Package_TO_SOT_SMD'.
    ; warning
    @(148.5 mm, 88.0 mm): Footprint U2
[lib_footprint_mismatch]: Footprint 'LED_0805_2012Metric' does not match copy in library 'LED_SMD'.
    ; warning
    @(156.5 mm, 99.5 mm): Footprint D4
[lib_footprint_mismatch]: Footprint 'C_0603_1608Metric' does not match copy in library 'Capacitor_SMD'.
    ; warning
    @(161.0 mm, 85.975 mm): Footprint C2
[lib_footprint_mismatch]: Footprint 'LED_D5.0mm_IRBlack' does not match copy in library 'LED_THT'.
    ; warning
    @(146.275 mm, 97.0 mm): Footprint D2
[lib_footprint_mismatch]: Footprint 'LED_D5.0mm_Clear' does not match copy in library 'LED_THT'.
    ; warning
    @(153.275 mm, 97.0 mm): Footprint Q1
[lib_footprint_mismatch]: Footprint 'USB_C_Receptacle_GCT_USB4105-xx-A_16P_TopMnt_Horizontal' does not match copy in library 'Connector_USB'.
    ; warning (excluded)
    @(148.5 mm, 80.0 mm): Footprint J1

** Found 0 unconnected pads **

** Found 0 Footprint errors **

** End of Report **
